###############################################################################
#
# IAR ELF Linker V7.40.1.8447/W32 for ARM                 13/Oct/2017  09:34:25
# Copyright 2007-2015 IAR Systems AB.
#
#    Output file  =  D:\documents\iardoc\projects\LED_FSM\Debug\Exe\LED_FSM.out
#    Map file     =  
#        D:\documents\iardoc\projects\LED_FSM\Debug\List\LED_FSM.map
#    Command line =  
#        D:\documents\iardoc\projects\LED_FSM\Debug\Obj\main.o
#        D:\documents\iardoc\projects\LED_FSM\Debug\Obj\startup_stm32l073xx.o
#        D:\documents\iardoc\projects\LED_FSM\Debug\Obj\stm32l0xx_hal.o
#        D:\documents\iardoc\projects\LED_FSM\Debug\Obj\stm32l0xx_hal_adc.o
#        D:\documents\iardoc\projects\LED_FSM\Debug\Obj\stm32l0xx_hal_adc_ex.o
#        D:\documents\iardoc\projects\LED_FSM\Debug\Obj\stm32l0xx_hal_comp.o
#        D:\documents\iardoc\projects\LED_FSM\Debug\Obj\stm32l0xx_hal_comp_ex.o
#        D:\documents\iardoc\projects\LED_FSM\Debug\Obj\stm32l0xx_hal_cortex.o
#        D:\documents\iardoc\projects\LED_FSM\Debug\Obj\stm32l0xx_hal_crc.o
#        D:\documents\iardoc\projects\LED_FSM\Debug\Obj\stm32l0xx_hal_crc_ex.o
#        D:\documents\iardoc\projects\LED_FSM\Debug\Obj\stm32l0xx_hal_cryp.o
#        D:\documents\iardoc\projects\LED_FSM\Debug\Obj\stm32l0xx_hal_cryp_ex.o
#        D:\documents\iardoc\projects\LED_FSM\Debug\Obj\stm32l0xx_hal_dac.o
#        D:\documents\iardoc\projects\LED_FSM\Debug\Obj\stm32l0xx_hal_dac_ex.o
#        D:\documents\iardoc\projects\LED_FSM\Debug\Obj\stm32l0xx_hal_dma.o
#        D:\documents\iardoc\projects\LED_FSM\Debug\Obj\stm32l0xx_hal_firewall.o
#        D:\documents\iardoc\projects\LED_FSM\Debug\Obj\stm32l0xx_hal_flash.o
#        D:\documents\iardoc\projects\LED_FSM\Debug\Obj\stm32l0xx_hal_flash_ex.o
#        D:\documents\iardoc\projects\LED_FSM\Debug\Obj\stm32l0xx_hal_flash_ramfunc.o
#        D:\documents\iardoc\projects\LED_FSM\Debug\Obj\stm32l0xx_hal_gpio.o
#        D:\documents\iardoc\projects\LED_FSM\Debug\Obj\stm32l0xx_hal_i2c.o
#        D:\documents\iardoc\projects\LED_FSM\Debug\Obj\stm32l0xx_hal_i2c_ex.o
#        D:\documents\iardoc\projects\LED_FSM\Debug\Obj\stm32l0xx_hal_i2s.o
#        D:\documents\iardoc\projects\LED_FSM\Debug\Obj\stm32l0xx_hal_irda.o
#        D:\documents\iardoc\projects\LED_FSM\Debug\Obj\stm32l0xx_hal_iwdg.o
#        D:\documents\iardoc\projects\LED_FSM\Debug\Obj\stm32l0xx_hal_lcd.o
#        D:\documents\iardoc\projects\LED_FSM\Debug\Obj\stm32l0xx_hal_lptim.o
#        D:\documents\iardoc\projects\LED_FSM\Debug\Obj\stm32l0xx_hal_msp.o
#        D:\documents\iardoc\projects\LED_FSM\Debug\Obj\stm32l0xx_hal_msp_template.o
#        D:\documents\iardoc\projects\LED_FSM\Debug\Obj\stm32l0xx_hal_pcd.o
#        D:\documents\iardoc\projects\LED_FSM\Debug\Obj\stm32l0xx_hal_pcd_ex.o
#        D:\documents\iardoc\projects\LED_FSM\Debug\Obj\stm32l0xx_hal_pwr.o
#        D:\documents\iardoc\projects\LED_FSM\Debug\Obj\stm32l0xx_hal_pwr_ex.o
#        D:\documents\iardoc\projects\LED_FSM\Debug\Obj\stm32l0xx_hal_rcc.o
#        D:\documents\iardoc\projects\LED_FSM\Debug\Obj\stm32l0xx_hal_rcc_ex.o
#        D:\documents\iardoc\projects\LED_FSM\Debug\Obj\stm32l0xx_hal_rng.o
#        D:\documents\iardoc\projects\LED_FSM\Debug\Obj\stm32l0xx_hal_rtc.o
#        D:\documents\iardoc\projects\LED_FSM\Debug\Obj\stm32l0xx_hal_rtc_ex.o
#        D:\documents\iardoc\projects\LED_FSM\Debug\Obj\stm32l0xx_hal_smartcard.o
#        D:\documents\iardoc\projects\LED_FSM\Debug\Obj\stm32l0xx_hal_smartcard_ex.o
#        D:\documents\iardoc\projects\LED_FSM\Debug\Obj\stm32l0xx_hal_smbus.o
#        D:\documents\iardoc\projects\LED_FSM\Debug\Obj\stm32l0xx_hal_spi.o
#        D:\documents\iardoc\projects\LED_FSM\Debug\Obj\stm32l0xx_hal_tim.o
#        D:\documents\iardoc\projects\LED_FSM\Debug\Obj\stm32l0xx_hal_tim_ex.o
#        D:\documents\iardoc\projects\LED_FSM\Debug\Obj\stm32l0xx_hal_tsc.o
#        D:\documents\iardoc\projects\LED_FSM\Debug\Obj\stm32l0xx_hal_uart.o
#        D:\documents\iardoc\projects\LED_FSM\Debug\Obj\stm32l0xx_hal_uart_ex.o
#        D:\documents\iardoc\projects\LED_FSM\Debug\Obj\stm32l0xx_hal_usart.o
#        D:\documents\iardoc\projects\LED_FSM\Debug\Obj\stm32l0xx_hal_wwdg.o
#        D:\documents\iardoc\projects\LED_FSM\Debug\Obj\stm32l0xx_it.o
#        D:\documents\iardoc\projects\LED_FSM\Debug\Obj\stm32l0xx_nucleo.o
#        D:\documents\iardoc\projects\LED_FSM\Debug\Obj\system_stm32l0xx.o
#        --redirect _Printf=_PrintfFull --redirect _Scanf=_ScanfFull -o
#        D:\documents\iardoc\projects\LED_FSM\Debug\Exe\LED_FSM.out --map
#        D:\documents\iardoc\projects\LED_FSM\Debug\List\LED_FSM.map --config
#        "E:\IAR Systems\Embedded Workbench
#        7.2\arm\config\linker\ST\stm32l073xZ.icf" --semihosting --entry
#        __iar_program_start --vfe
#
###############################################################################

*******************************************************************************
*** RUNTIME MODEL ATTRIBUTES
***

CppFlavor       = *
__SystemLibrary = DLib


*******************************************************************************
*** PLACEMENT SUMMARY
***

"A1":  place at 0x08000000 { ro section .intvec };
"P1":  place in [from 0x00000000 to 0x00000000] |
                [from 0x08000000 to 0x0802ffff] { ro };
"P3":  place in [from 0x00000000 to 0x00000000] |
                [from 0x20000000 to 0x20004fff] { rw, block CSTACK, block HEAP };

  Section            Kind        Address    Size  Object
  -------            ----        -------    ----  ------
"A1":                                       0xc0
  .intvec            ro code  0x08000000    0xc0  startup_stm32l073xx.o [1]
                            - 0x080000c0    0xc0

"P1":                                     0x10c0
  .text              ro code  0x080000c0   0x6bc  stm32l0xx_hal_rcc.o [1]
  .text              ro code  0x0800077c    0x5c  stm32l0xx_hal.o [1]
  .text              ro code  0x080007d8    0xae  I32DivModFast.o [4]
  .text              ro code  0x08000886     0x2  stm32l0xx_hal_msp_template.o [1]
  .text              ro code  0x08000888    0x80  stm32l0xx_hal_cortex.o [1]
  .text              ro code  0x08000908     0x2  IntDivZer.o [4]
  .text              ro code  0x0800090a    0x2a  zero_init3.o [4]
  .text              ro code  0x08000934   0x246  stm32l0xx_hal_tim.o [1]
  .text              ro code  0x08000b7a     0x2  startup_stm32l073xx.o [1]
  .text              ro code  0x08000b7c    0x24  stm32l0xx_hal_msp.o [1]
  .text              ro code  0x08000ba0   0x174  main.o [1]
  .text              ro code  0x08000d14    0xd1  stm32l0xx_nucleo.o [1]
  .text              ro code  0x08000de6     0x2  startup_stm32l073xx.o [1]
  .text              ro code  0x08000de8   0x1b0  stm32l0xx_hal_gpio.o [1]
  .text              ro code  0x08000f98    0x34  ABImemset.o [4]
  .text              ro code  0x08000fcc    0x74  system_stm32l0xx.o [1]
  .text              ro code  0x08001040    0x30  copy_init3.o [4]
  .text              ro code  0x08001070    0x28  data_init.o [4]
  .iar.init_table    const    0x08001098    0x24  - Linker created -
  .text              ro code  0x080010bc    0x20  stm32l0xx_it.o [1]
  .text              ro code  0x080010dc    0x1a  cmain.o [4]
  .text              ro code  0x080010f6     0x4  low_level_init.o [3]
  .text              ro code  0x080010fa     0x8  exit.o [3]
  .text              ro code  0x08001102     0x2  startup_stm32l073xx.o [1]
  .text              ro code  0x08001104     0xa  cexit.o [4]
  .text              ro code  0x0800110e     0x2  startup_stm32l073xx.o [1]
  .text              ro code  0x08001110    0x14  exit.o [5]
  .text              ro code  0x08001124    0x10  startup_stm32l073xx.o [1]
  .text              ro code  0x08001134     0xc  cstartup_M.o [4]
  .text              ro code  0x08001140     0x2  startup_stm32l073xx.o [1]
  .text              ro code  0x08001142     0x2  startup_stm32l073xx.o [1]
  .text              ro code  0x08001144     0x2  startup_stm32l073xx.o [1]
  .text              ro code  0x08001146     0x2  startup_stm32l073xx.o [1]
  .text              ro code  0x08001148     0x2  startup_stm32l073xx.o [1]
  .text              ro code  0x0800114a     0x2  startup_stm32l073xx.o [1]
  .text              ro code  0x0800114c     0x2  startup_stm32l073xx.o [1]
  .text              ro code  0x0800114e     0x2  startup_stm32l073xx.o [1]
  .text              ro code  0x08001150     0x2  startup_stm32l073xx.o [1]
  .text              ro code  0x08001152     0x2  startup_stm32l073xx.o [1]
  .text              ro code  0x08001154     0x2  startup_stm32l073xx.o [1]
  .text              ro code  0x08001156     0x2  startup_stm32l073xx.o [1]
  .text              ro code  0x08001158     0x2  startup_stm32l073xx.o [1]
  .text              ro code  0x0800115a     0x2  startup_stm32l073xx.o [1]
  .text              ro code  0x0800115c     0x2  startup_stm32l073xx.o [1]
  .text              ro code  0x0800115e     0x2  startup_stm32l073xx.o [1]
  .text              ro code  0x08001160     0x2  startup_stm32l073xx.o [1]
  .text              ro code  0x08001162     0x2  startup_stm32l073xx.o [1]
  .text              ro code  0x08001164     0x2  startup_stm32l073xx.o [1]
  .text              ro code  0x08001166     0x2  startup_stm32l073xx.o [1]
  .text              ro code  0x08001168     0x2  startup_stm32l073xx.o [1]
  .text              ro code  0x0800116a     0x2  startup_stm32l073xx.o [1]
  .text              ro code  0x0800116c     0x2  startup_stm32l073xx.o [1]
  .text              ro code  0x0800116e     0x2  startup_stm32l073xx.o [1]
  .text              ro code  0x08001170     0x2  startup_stm32l073xx.o [1]
  .text              ro code  0x08001172     0x2  startup_stm32l073xx.o [1]
  .rodata            const    0x08001174     0x0  zero_init3.o [4]
  .rodata            const    0x08001174     0x0  copy_init3.o [4]
  Initializer bytes  const    0x08001174     0xc  <for P3 s0>
                            - 0x08001180  0x10c0

"P3":                                      0x458
  P3 s0                       0x20000000     0xc  <Init block>
    .data            inited   0x20000000     0x4  stm32l0xx_nucleo.o [1]
    .data            inited   0x20000004     0x4  stm32l0xx_nucleo.o [1]
    .data            inited   0x20000008     0x4  system_stm32l0xx.o [1]
  .bss               zero     0x2000000c    0x3c  main.o [1]
  .bss               zero     0x20000048     0x8  main.o [1]
  .bss               zero     0x20000050     0x4  stm32l0xx_hal.o [1]
  CSTACK                      0x20000058   0x400  <Block>
    CSTACK           uninit   0x20000058   0x400  <Block tail>
                            - 0x20000458   0x458


*******************************************************************************
*** INIT TABLE
***

          Address     Size
          -------     ----
Zero (__iar_zero_init3)
    1 destination range, total size 0x48:
          0x2000000c  0x48

Copy (__iar_copy_init3)
    1 source range, total size 0xc:
          0x08001174   0xc
    1 destination range, total size 0xc:
          0x20000000   0xc



*******************************************************************************
*** MODULE SUMMARY
***

    Module                        ro code  ro data  rw data
    ------                        -------  -------  -------
D:\documents\iardoc\projects\LED_FSM\Debug\Obj: [1]
    main.o                            372                68
    startup_stm32l073xx.o             268
    stm32l0xx_hal.o                    92                 4
    stm32l0xx_hal_cortex.o            128
    stm32l0xx_hal_gpio.o              432
    stm32l0xx_hal_msp.o                36
    stm32l0xx_hal_msp_template.o        2
    stm32l0xx_hal_rcc.o             1 724
    stm32l0xx_hal_tim.o               582
    stm32l0xx_it.o                     32
    stm32l0xx_nucleo.o                209        8        8
    system_stm32l0xx.o                116        4        4
    -------------------------------------------------------
    Total:                          3 993       12       84

command line: [2]
    -------------------------------------------------------
    Total:

dl6M_tlf.a: [3]
    exit.o                              8
    low_level_init.o                    4
    -------------------------------------------------------
    Total:                             12

rt6M_tl.a: [4]
    ABImemset.o                        52
    I32DivModFast.o                   174
    IntDivZer.o                         2
    cexit.o                            10
    cmain.o                            26
    copy_init3.o                       48
    cstartup_M.o                       12
    data_init.o                        40
    zero_init3.o                       42
    -------------------------------------------------------
    Total:                            406

shb_l.a: [5]
    exit.o                             20
    -------------------------------------------------------
    Total:                             20

    Gaps                                1
    Linker created                              36    1 024
-----------------------------------------------------------
    Grand Total:                    4 432       48    1 108


*******************************************************************************
*** ENTRY LIST
***

Entry                      Address   Size  Type      Object
-----                      -------   ----  ----      ------
.iar.init_table$$Base   0x08001098          --   Gb  - Linker created -
.iar.init_table$$Limit  0x080010bc          --   Gb  - Linker created -
?main                   0x080010dd         Code  Gb  cmain.o [4]
AHBPrescTable           0x08001024   0x10  Data  Gb  system_stm32l0xx.o [1]
BSP_LED_Init            0x08000d15   0x4a  Code  Gb  stm32l0xx_nucleo.o [1]
BSP_PB_Init             0x08000d61   0x6c  Code  Gb  stm32l0xx_nucleo.o [1]
BUTTON_IRQn             0x08000de4    0x1  Data  Gb  stm32l0xx_nucleo.o [1]
BUTTON_PIN              0x08000de0    0x2  Data  Gb  stm32l0xx_nucleo.o [1]
BUTTON_PORT             0x20000004    0x4  Data  Gb  stm32l0xx_nucleo.o [1]
CSTACK$$Base            0x20000058          --   Gb  - Linker created -
CSTACK$$Limit           0x20000458          --   Gb  - Linker created -
HAL_GPIO_Init           0x08000de9  0x176  Code  Gb  stm32l0xx_hal_gpio.o [1]
HAL_GPIO_ReadPin        0x08000f5f    0xc  Code  Gb  stm32l0xx_hal_gpio.o [1]
HAL_GPIO_WritePin       0x08000f6b    0xc  Code  Gb  stm32l0xx_hal_gpio.o [1]
HAL_GetTick             0x080007c5    0x6  Code  Wk  stm32l0xx_hal.o [1]
HAL_IncTick             0x080007bb    0xa  Code  Wk  stm32l0xx_hal.o [1]
HAL_Init                0x0800077d   0x1a  Code  Gb  stm32l0xx_hal.o [1]
HAL_InitTick            0x08000797   0x24  Code  Wk  stm32l0xx_hal.o [1]
HAL_MspInit             0x08000887    0x2  Code  Gb  stm32l0xx_hal_msp_template.o [1]
HAL_NVIC_EnableIRQ      0x080008c3    0xe  Code  Gb  stm32l0xx_hal_cortex.o [1]
HAL_NVIC_SetPriority    0x080008bb    0x8  Code  Gb  stm32l0xx_hal_cortex.o [1]
HAL_RCC_ClockConfig     0x08000509  0x15e  Code  Gb  stm32l0xx_hal_rcc.o [1]
HAL_RCC_GetSysClockFreq
                        0x0800067d   0x6c  Code  Gb  stm32l0xx_hal_rcc.o [1]
HAL_RCC_OscConfig       0x080000c1  0x434  Code  Gb  stm32l0xx_hal_rcc.o [1]
HAL_SYSTICK_Config      0x080008d1   0x28  Code  Gb  stm32l0xx_hal_cortex.o [1]
HAL_TIM_Base_Init       0x08000935   0x2c  Code  Gb  stm32l0xx_hal_tim.o [1]
HAL_TIM_Base_MspInit    0x08000b7d   0x24  Code  Gb  stm32l0xx_hal_msp.o [1]
HAL_TIM_Base_Start_IT   0x08000961   0x14  Code  Gb  stm32l0xx_hal_tim.o [1]
HAL_TIM_IC_CaptureCallback
                        0x08000aff    0x2  Code  Wk  stm32l0xx_hal_tim.o [1]
HAL_TIM_IRQHandler      0x080009e5  0x118  Code  Gb  stm32l0xx_hal_tim.o [1]
HAL_TIM_OC_DelayElapsedCallback
                        0x08000afd    0x2  Code  Wk  stm32l0xx_hal_tim.o [1]
HAL_TIM_PWM_PulseFinishedCallback
                        0x08000b01    0x2  Code  Wk  stm32l0xx_hal_tim.o [1]
HAL_TIM_PeriodElapsedCallback
                        0x08000bf5   0x22  Code  Gb  main.o [1]
HAL_TIM_TriggerCallback
                        0x08000b03    0x2  Code  Wk  stm32l0xx_hal_tim.o [1]
HardFault_Handler       0x080010bf    0x2  Code  Gb  stm32l0xx_it.o [1]
LED_PIN                 0x08000ddc    0x2  Data  Gb  stm32l0xx_nucleo.o [1]
LED_PORT                0x20000000    0x4  Data  Gb  stm32l0xx_nucleo.o [1]
NMI_Handler             0x080010bd    0x2  Code  Gb  stm32l0xx_it.o [1]
NVIC_SetPriority        0x08000889   0x32  Code  Lc  stm32l0xx_hal_cortex.o [1]
PLLMulTable             0x08001034    0xc  Data  Gb  system_stm32l0xx.o [1]
PendSV_Handler          0x080010c3    0x2  Code  Gb  stm32l0xx_it.o [1]
RCC_SetFlashLatencyFromMSIRange
                        0x080006fd   0x5e  Code  Lc  stm32l0xx_hal_rcc.o [1]
ReadKeyStatus           0x08000c89   0x6c  Code  Gb  main.o [1]
Region$$Table$$Base     0x08001098          --   Gb  - Linker created -
Region$$Table$$Limit    0x080010bc          --   Gb  - Linker created -
SVC_Handler             0x080010c1    0x2  Code  Gb  stm32l0xx_it.o [1]
SysTick_Handler         0x080010c5    0x8  Code  Gb  stm32l0xx_it.o [1]
SystemClock_Config      0x08000c17   0x72  Code  Gb  main.o [1]
SystemCoreClock         0x20000008    0x4  Data  Gb  system_stm32l0xx.o [1]
SystemInit              0x08000fcd   0x40  Code  Gb  system_stm32l0xx.o [1]
TIM2_IRQHandler         0x080010cd    0xa  Code  Gb  stm32l0xx_it.o [1]
TIM_Base_SetConfig      0x08000b05   0x50  Code  Lc  stm32l0xx_hal_tim.o [1]
TIM_CCxChannelCmd       0x08000b65   0x16  Code  Lc  stm32l0xx_hal_tim.o [1]
TimHandle               0x2000000c   0x38  Data  Gb  main.o [1]
__aeabi_idiv0           0x08000909         Code  Gb  IntDivZer.o [4]
__aeabi_memclr4         0x08000fc9         Code  Gb  ABImemset.o [4]
__aeabi_memclr8         0x08000fc9         Code  Gb  ABImemset.o [4]
__aeabi_uidiv           0x080007d9         Code  Gb  I32DivModFast.o [4]
__aeabi_uidivmod        0x080007d9         Code  Gb  I32DivModFast.o [4]
__cmain                 0x080010dd         Code  Gb  cmain.o [4]
__exit                  0x08001111   0x14  Code  Gb  exit.o [5]
__iar_Memset4_word      0x08000f99         Code  Gb  ABImemset.o [4]
__iar_copy_init3        0x08001041   0x30  Code  Gb  copy_init3.o [4]
__iar_data_init3        0x08001071   0x28  Code  Gb  data_init.o [4]
__iar_program_start     0x08001135         Code  Gb  cstartup_M.o [4]
__iar_zero_init3        0x0800090b   0x2a  Code  Gb  zero_init3.o [4]
__low_level_init        0x080010f7    0x4  Code  Gb  low_level_init.o [3]
__vector_table          0x08000000         Data  Gb  startup_stm32l073xx.o [1]
_call_main              0x080010e9         Code  Gb  cmain.o [4]
_exit                   0x08001105         Code  Gb  cexit.o [4]
_main                   0x080010f3         Code  Gb  cmain.o [4]
exit                    0x080010fb    0x8  Code  Gb  exit.o [3]
main                    0x08000ba1   0x54  Code  Gb  main.o [1]
uwPrescalerValue        0x20000044    0x4  Data  Gb  main.o [1]
uwTick                  0x20000050    0x4  Data  Gb  stm32l0xx_hal.o [1]


[1] = D:\documents\iardoc\projects\LED_FSM\Debug\Obj
[2] = command line
[3] = dl6M_tlf.a
[4] = rt6M_tl.a
[5] = shb_l.a

  4 432 bytes of readonly  code memory
     48 bytes of readonly  data memory
  1 108 bytes of readwrite data memory

Errors: none
Warnings: none
